// Jest Snapshot v1, https://goo.gl/fbAQLP

exports[`PasswordStrengthMeter Component Test should render PasswordStrengthMeter with Fair label 1`] = `
<Bootstrap(ProgressBar)
  label="Fair"
  now={50}
  variant="warning"
/>
`;

exports[`PasswordStrengthMeter Component Test should render PasswordStrengthMeter with Good label 1`] = `
<Bootstrap(ProgressBar)
  label="Good"
  now={75}
  variant="info"
/>
`;

exports[`PasswordStrengthMeter Component Test should render PasswordStrengthMeter with Strong label 1`] = `
<Bootstrap(ProgressBar)
  label="Strong"
  now={100}
  variant="success"
/>
`;

exports[`PasswordStrengthMeter Component Test should render PasswordStrengthMeter with Weak label 1`] = `
<Bootstrap(ProgressBar)
  label="Weak"
  now={25}
  variant="danger"
/>
`;
